apiVersion: rbac.authorization.k8s.io/v1
kind: ClusterRole
metadata:
  labels:
    app.kubernetes.io/managed-by: commodore
  name: exporter-role
rules:
- nonResourceURLs:
  - /api/v2/alerts
  verbs:
  - get
