apiVersion: rbac.authorization.k8s.io/v1
kind: ClusterRole
metadata:
  labels:
    app.kubernetes.io/managed-by: commodore
  name: exporter-role
rules:
- apiGroups:
  - monitoring.coreos.com
  resources:
  - alertmanagers
  verbs:
  - patch
- apiGroups:
  - monitoring.coreos.com
  resources:
  - alertmanagers/api
  verbs:
  - get
