apiVersion: v1
kind: Service
metadata:
  labels:
    app.kubernetes.io/component: kube-rbac-proxy
    app.kubernetes.io/created-by: alerts-exporter
    app.kubernetes.io/instance: alerts-exporter-metrics-service
    app.kubernetes.io/managed-by: commodore
    app.kubernetes.io/name: service
    app.kubernetes.io/part-of: alerts-exporter
    control-plane: alerts-exporter
  name: alerts-exporter-metrics-service
  namespace: appuio-alerts-exporter
spec:
  ports:
  - name: https
    port: 8443
    protocol: TCP
    targetPort: https
  selector:
    control-plane: alerts-exporter
